// Jest Snapshot v1, https://goo.gl/fbAQLP

exports[`Cart checkout() should include formatted amount in the summary 1`] = `
Object {
  "items": Array [
    Object {
      "product": Object {
        "price": 35388,
        "title": "Adidas running shoes - man",
      },
      "quantity": 5,
    },
    Object {
      "product": Object {
        "price": 41872,
        "title": "Adidas running shoes - women",
      },
      "quantity": 3,
    },
  ],
  "total": 302556,
}
`;
